Microchip MPLAB XC8 Compiler V1.45 ()

Linker command line:

-W-3 --edf=C:\Program Files (x86)\Microchip\xc8\v1.45\dat\en_msgs.txt -cs \
  -h+dist/default/production\motor-controller.X.production.sym \
  --cmf=dist/default/production\motor-controller.X.production.cmf -z \
  -Q18F4455 -oC:\Users\Andreia\AppData\Local\Temp\scr4.2 \
  -Mdist/default/production/motor-controller.X.production.map -E1 -ver=XC8 \
  -ASTACK=01F9h-07ffh -pstack=STACK -ACODE=00h-05FFFh -ACONST=00h-05FFFh \
  -ASMALLCONST=0800h-08FFhx88 -AMEDIUMCONST=0800h-05FFFh -ACOMRAM=01h-05Fh \
  -AABS1=00h-07FFh -ABIGRAM=01h-07FFh -ARAM=060h-0FFh,0100h-01FFhx7 \
  -ABANK0=060h-0FFh -ABANK1=0100h-01FFh -ABANK2=0200h-02FFh \
  -ABANK3=0300h-03FFh -ABANK4=0400h-04FFh -ABANK5=0500h-05FFh \
  -ABANK6=0600h-06FFh -ABANK7=0700h-07FFh -ASFR=0F60h-0FFFh \
  -preset_vec=00h,intcode=08h,intcodelo,powerup,init -pramtop=0800h \
  -psmallconst=SMALLCONST -pmediumconst=MEDIUMCONST -pconst=CONST \
  -AFARRAM=00h-00h -ACONFIG=0300000h-030000Dh -pconfig=CONFIG \
  -AIDLOC=0200000h-0200007h -pidloc=IDLOC -AEEDATA=0F00000h-0F000FFh \
  -peeprom_data=EEDATA \
  -prdata=COMRAM,nvrram=COMRAM,nvbit=COMRAM,rbss=COMRAM,rbit=COMRAM \
  -pfarbss=FARRAM,fardata=FARRAM,nvFARRAM=FARRAM \
  -pintsave_regs=BIGRAM,bigbss=BIGRAM,bigdata=BIGRAM -pbss=RAM \
  -pidata=CODE,irdata=CODE,ibigdata=CODE,ifardata=CODE -prparam=COMRAM \
  C:\Users\Andreia\AppData\Local\Temp\scr4.obj \
  dist/default/production\motor-controller.X.production.obj 

Object code version is 3.11

Machine type is 18F4455

Call graph: (short form)




                Name                               Link     Load   Length Selector   Space Scale
C:\Users\Andreia\AppData\Local\Temp\scr4.obj
                init                                  E        E        4        4       0
                reset_vec                             0        0        4        0       0
                idloc                            200000   200000        8   200000       0
                config                           300000   300000        E   300000       0
dist/default/production\motor-controller.X.production.obj
                intcode                               8        8        6        4       0
                temp                                 4C       4C        1        1       1
                mediumconst                        5EDC     5EDC      124     2F6E       0
                text39                             1FDC     1FDC       4A        4       0
                text38                             217A     217A       42        4       0
                intcode_body                       1B26     1B26       AE        4       0
                text36                             1A78     1A78       AE        4       0
                text35                             21F8     21F8       38        4       0
                text34                             225C     225C       26        4       0
                text33                             22A6     22A6       1E        4       0
                text32                             18FA     18FA       CE        4       0
                text31                             22FE     22FE        A        4       0
                text30                             22C4     22C4       12        4       0
                text29                             1E9C     1E9C       56        4       0
                text28                             1BD4     1BD4       90        4       0
                text27                             2282     2282       24        4       0
                text26                             1306     1306      1AE        4       0
                text25                             2138     2138       42        4       0
                text24                             170E     170E       F8        4       0
                text23                             1CE8     1CE8       82        4       0
                text22                             1DDA     1DDA       66        4       0
                text21                             1E40     1E40       5C        4       0
                text20                             15E6     15E6      128        4       0
                text19                             14B4     14B4      132        4       0
                text18                             1C64     1C64       84        4       0
                text17                             1D6A     1D6A       70        4       0
                text16                             1806     1806       F4        4       0
                text15                             10AC     10AC      25A        4       0
                text14                              964      964      408        4       0
                text13                               12       12      952        4       0
                text12                             2026     2026       48        4       0
                text11                             21BC     21BC       3C        4       0
                text10                             1F42     1F42       50        4       0
                text9                              1EF2     1EF2       50        4       0
                text8                              19C8     19C8       B0        4       0
                text7                              2230     2230       2C        4       0
                text6                              20B2     20B2       44        4       0
                text5                              20F6     20F6       42        4       0
                text4                              206E     206E       44        4       0
                text3                              22D6     22D6       10        4       0
                text2                              22F2     22F2        C        4       0
                text1                              22E6     22E6        C        4       0
                text0                               D6C      D6C      340        4       0
                cstackCOMRAM                          1        1       3D        1       1
                cstackBANK0                          C4       C4       3C       60       1
                cstackBANK1                         100      100       83      100       1
                bssBANK1                            183      183       76      100       1
                bssBANK0                             60       60       64       60       1
                dataCOMRAM                           4A       4A        2        1       1
                bssCOMRAM                            3E       3E        C        1       1
                cinit                              1F92     1F92       4A        4       0
                idataCOMRAM                        2308     2308        2        4       0

TOTAL           Name                               Link     Load   Length     Space
        CLASS   STACK          

        CLASS   CODE           
                intcode                               8        8        6         0
                init                                  E        E        4         0
                reset_vec                             0        0        4         0
                text39                             1FDC     1FDC       4A         0
                text38                             217A     217A       42         0
                intcode_body                       1B26     1B26       AE         0
                text36                             1A78     1A78       AE         0
                text35                             21F8     21F8       38         0
                text34                             225C     225C       26         0
                text33                             22A6     22A6       1E         0
                text32                             18FA     18FA       CE         0
                text31                             22FE     22FE        A         0
                text30                             22C4     22C4       12         0
                text29                             1E9C     1E9C       56         0
                text28                             1BD4     1BD4       90         0
                text27                             2282     2282       24         0
                text26                             1306     1306      1AE         0
                text25                             2138     2138       42         0
                text24                             170E     170E       F8         0
                text23                             1CE8     1CE8       82         0
                text22                             1DDA     1DDA       66         0
                text21                             1E40     1E40       5C         0
                text20                             15E6     15E6      128         0
                text19                             14B4     14B4      132         0
                text18                             1C64     1C64       84         0
                text17                             1D6A     1D6A       70         0
                text16                             1806     1806       F4         0
                text15                             10AC     10AC      25A         0
                text14                              964      964      408         0
                text13                               12       12      952         0
                text12                             2026     2026       48         0
                text11                             21BC     21BC       3C         0
                text10                             1F42     1F42       50         0
                text9                              1EF2     1EF2       50         0
                text8                              19C8     19C8       B0         0
                text7                              2230     2230       2C         0
                text6                              20B2     20B2       44         0
                text5                              20F6     20F6       42         0
                text4                              206E     206E       44         0
                text3                              22D6     22D6       10         0
                text2                              22F2     22F2        C         0
                text1                              22E6     22E6        C         0
                text0                               D6C      D6C      340         0
                cinit                              1F92     1F92       4A         0
                idataCOMRAM                        2308     2308        2         0

        CLASS   CONST          

        CLASS   SMALLCONST     

        CLASS   MEDIUMCONST    
                mediumconst                        5EDC     5EDC      124         0

        CLASS   COMRAM         
                temp                                 4C       4C        1         1
                cstackCOMRAM                          1        1       3D         1
                dataCOMRAM                           4A       4A        2         1
                bssCOMRAM                            3E       3E        C         1

        CLASS   ABS1           

        CLASS   BIGRAM         

        CLASS   RAM            

        CLASS   BANK0          
                cstackBANK0                          C4       C4       3C         1
                bssBANK0                             60       60       64         1

        CLASS   BANK1          
                cstackBANK1                         100      100       83         1
                bssBANK1                            183      183       76         1

        CLASS   BANK2          

        CLASS   BANK3          

        CLASS   BANK4          

        CLASS   BANK5          

        CLASS   BANK6          

        CLASS   BANK7          

        CLASS   SFR            

        CLASS   FARRAM         

        CLASS   CONFIG         
                config                           300000   300000        E         0

        CLASS   IDLOC          
                idloc                            200000   200000        8         0

        CLASS   EEDATA         



SEGMENTS        Name                           Load    Length   Top    Selector   Space  Class

                reset_vec                      000000  000004  000004         0       0  CODE    
                cstackCOMRAM                   000001  00004C  00004D         1       1  COMRAM  
                intcode                        000008  002302  00230A         4       0  CODE    
                bssBANK0                       000060  0000A0  000100        60       1  BANK0   
                cstackBANK1                    000100  0000F9  0001F9       100       1  BANK1   
                mediumconst                    005EDC  000124  006000      2F6E       0  MEDIUMCO
                idloc                          200000  000008  200008    200000       0  IDLOC   
                config                         300000  00000E  30000E    300000       0  CONFIG  


UNUSED ADDRESS RANGES

        Name                Unused          Largest block    Delta
        BANK1            0001F9-0001FF                7
        BANK2            000200-0002FF              100
        BANK3            000300-0003FF              100
        BANK4            000400-0004FF              100
        BANK5            000500-0005FF              100
        BANK6            000600-0006FF              100
        BANK7            000700-0007FF              100
        BIGRAM           00004D-00005F               13
                         0001F9-0007FF              607
        CODE             000004-000007                4
                         00230A-005EDB             3BD2
        COMRAM           00004D-00005F               13
        CONST            000004-000007                4
                         00230A-005EDB             3BD2
        EEDATA           F00000-F000FF              100
        MEDIUMCONST      00230A-005EDB             3BD2
        RAM              0001F9-0007FF              100
        SFR              000F60-000FFF               A0
        SMALLCONST       00230A-005EDB              100
        STACK            0001F9-0007FF              607

                                  Symbol Table

?___awdiv                    cstackCOMRAM 00001A
?___awmod                    cstackCOMRAM 000014
?___awtoft                   cstackCOMRAM 00001C
?___ftadd                    cstackBANK0  0000CB
?___ftmul                    cstackCOMRAM 000028
?___ftneg                    cstackCOMRAM 000014
?___ftpack                   cstackCOMRAM 000014
?___ftsub                    cstackBANK0  0000D4
?___fttol                    cstackBANK0  0000C4
?___lldiv                    cstackCOMRAM 000014
?___llmod                    cstackCOMRAM 000014
?___lltoft                   cstackCOMRAM 00001C
?___wmul                     cstackCOMRAM 000022
?__div_to_l_                 cstackCOMRAM 000014
?__tdiv_to_l_                cstackCOMRAM 000014
?_atoi                       cstackCOMRAM 000028
?_fround                     cstackCOMRAM 000037
?_scale                      cstackCOMRAM 000037
?_sprintf                    cstackBANK0  0000DA
?_strchr                     cstackCOMRAM 000014
?_strcmp                     cstackCOMRAM 000014
?_strcspn                    cstackCOMRAM 000018
?_strspn                     cstackCOMRAM 000018
?_strtok                     cstackCOMRAM 00001F
_ADCON0bits                  (abs)        000FC2
_ADCON1bits                  (abs)        000FC1
_ADCON2bits                  (abs)        000FC0
_ADRES                       (abs)        000FC3
_BAUDCONbits                 (abs)        000FB8
_CCP1CONbits                 (abs)        000FBD
_CCPR1L                      (abs)        000FBE
_INTCON2bits                 (abs)        000FF1
_INTCONbits                  (abs)        000FF2
_IRS                         intcode      000008
_LATBbits                    (abs)        000F8A
_PIE1bits                    (abs)        000F9D
_PIR1bits                    (abs)        000F9E
_PR2                         (abs)        000FCB
_RCREG                       (abs)        000FAE
_RCSTAbits                   (abs)        000FAB
_SPBRG                       (abs)        000FAF
_SPBRGH                      (abs)        000FB0
_T2CONbits                   (abs)        000FCA
_TRISB                       (abs)        000F93
_TRISC                       (abs)        000F94
_TRISD                       (abs)        000F95
_TXREG                       (abs)        000FAD
_TXSTAbits                   (abs)        000FAC
__CFG_BOR$ON                 (abs)        000000
__CFG_BORV$3                 (abs)        000000
__CFG_CCP2MX$ON              (abs)        000000
__CFG_CP0$OFF                (abs)        000000
__CFG_CP1$OFF                (abs)        000000
__CFG_CP2$OFF                (abs)        000000
__CFG_CPB$OFF                (abs)        000000
__CFG_CPD$OFF                (abs)        000000
__CFG_CPUDIV$OSC1_PLL2       (abs)        000000
__CFG_EBTR0$OFF              (abs)        000000
__CFG_EBTR1$OFF              (abs)        000000
__CFG_EBTR2$OFF              (abs)        000000
__CFG_EBTRB$OFF              (abs)        000000
__CFG_FCMEN$OFF              (abs)        000000
__CFG_FOSC$HS                (abs)        000000
__CFG_ICPRT$OFF              (abs)        000000
__CFG_IESO$OFF               (abs)        000000
__CFG_LPT1OSC$OFF            (abs)        000000
__CFG_LVP$OFF                (abs)        000000
__CFG_MCLRE$OFF              (abs)        000000
__CFG_PBADEN$ON              (abs)        000000
__CFG_PLLDIV$1               (abs)        000000
__CFG_PWRT$OFF               (abs)        000000
__CFG_STVREN$OFF             (abs)        000000
__CFG_USBDIV$1               (abs)        000000
__CFG_VREGEN$OFF             (abs)        000000
__CFG_WDT$OFF                (abs)        000000
__CFG_WDTPS$32768            (abs)        000000
__CFG_WRT0$OFF               (abs)        000000
__CFG_WRT1$OFF               (abs)        000000
__CFG_WRT2$OFF               (abs)        000000
__CFG_WRTB$OFF               (abs)        000000
__CFG_WRTC$OFF               (abs)        000000
__CFG_WRTD$OFF               (abs)        000000
__CFG_XINST$OFF              (abs)        000000
__HRAM                       (abs)        000000
__Habs1                      abs1         000000
__Hbank0                     bank0        000000
__Hbank1                     bank1        000000
__Hbank2                     bank2        000000
__Hbank3                     bank3        000000
__Hbank4                     bank4        000000
__Hbank5                     bank5        000000
__Hbank6                     bank6        000000
__Hbank7                     bank7        000000
__Hbigbss                    bigbss       000000
__Hbigdata                   bigdata      000000
__Hbigram                    bigram       000000
__Hbss                       bss          000000
__HbssBANK0                  bssBANK0     000000
__HbssBANK1                  bssBANK1     000000
__HbssCOMRAM                 bssCOMRAM    000000
__Hcinit                     cinit        000000
__Hclrtext                   clrtext      000000
__Hcomram                    comram       000000
__Hconfig                    config       30000E
__Hconst                     const        000000
__HcstackBANK0               cstackBANK0  000000
__HcstackBANK1               cstackBANK1  000000
__HcstackCOMRAM              cstackCOMRAM 000000
__Hdata                      data         000000
__HdataCOMRAM                dataCOMRAM   000000
__Heeprom_data               eeprom_data  000000
__Hfarbss                    farbss       000000
__Hfardata                   fardata      000000
__Hibigdata                  ibigdata     000000
__Hidata                     idata        000000
__HidataCOMRAM               idataCOMRAM  000000
__Hidloc                     idloc        200008
__Hifardata                  ifardata     000000
__Hinit                      init         000012
__Hintcode                   intcode      00000E
__Hintcode_body              intcode_body 000000
__Hintcodelo                 intcodelo    00000E
__Hintentry                  intentry     000000
__Hintret                    intret       000000
__Hintsave_regs              intsave_regs 000000
__Hirdata                    irdata       000000
__Hmediumconst               mediumconst  006000
__HnvFARRAM                  nvFARRAM     000000
__Hnvbit                     nvbit        000000
__Hnvrram                    nvrram       000000
__Hparam                     rparam       000000
__Hpowerup                   powerup      00000E
__Hram                       ram          000000
__Hramtop                    ramtop       000800
__Hrbit                      rbit         000000
__Hrbss                      rbss         000000
__Hrdata                     rdata        000000
__Hreset_vec                 reset_vec    000004
__Hrparam                    rparam       000000
__Hsfr                       sfr          000000
__Hsmallconst                smallconst   000000
__Hspace_0                   (abs)        30000E
__Hspace_1                   (abs)        0001F9
__Hspace_2                   (abs)        000000
__Hstack                     stack        000000
__Hstruct                    struct       000000
__Htemp                      temp         00004D
__Htext                      text         000000
__Htext0                     text0        000000
__Htext1                     text1        000000
__Htext10                    text10       000000
__Htext11                    text11       000000
__Htext12                    text12       000000
__Htext13                    text13       000000
__Htext14                    text14       000000
__Htext15                    text15       000000
__Htext16                    text16       000000
__Htext17                    text17       000000
__Htext18                    text18       000000
__Htext19                    text19       000000
__Htext2                     text2        000000
__Htext20                    text20       000000
__Htext21                    text21       000000
__Htext22                    text22       000000
__Htext23                    text23       000000
__Htext24                    text24       000000
__Htext25                    text25       000000
__Htext26                    text26       000000
__Htext27                    text27       000000
__Htext28                    text28       000000
__Htext29                    text29       000000
__Htext3                     text3        000000
__Htext30                    text30       000000
__Htext31                    text31       000000
__Htext32                    text32       000000
__Htext33                    text33       000000
__Htext34                    text34       000000
__Htext35                    text35       000000
__Htext36                    text36       000000
__Htext38                    text38       000000
__Htext39                    text39       000000
__Htext4                     text4        000000
__Htext5                     text5        000000
__Htext6                     text6        000000
__Htext7                     text7        000000
__Htext8                     text8        000000
__Htext9                     text9        000000
__LRAM                       (abs)        000001
__Labs1                      abs1         000000
__Lbank0                     bank0        000000
__Lbank1                     bank1        000000
__Lbank2                     bank2        000000
__Lbank3                     bank3        000000
__Lbank4                     bank4        000000
__Lbank5                     bank5        000000
__Lbank6                     bank6        000000
__Lbank7                     bank7        000000
__Lbigbss                    bigbss       000000
__Lbigdata                   bigdata      000000
__Lbigram                    bigram       000000
__Lbss                       bss          000000
__LbssBANK0                  bssBANK0     000000
__LbssBANK1                  bssBANK1     000000
__LbssCOMRAM                 bssCOMRAM    000000
__Lcinit                     cinit        000000
__Lclrtext                   clrtext      000000
__Lcomram                    comram       000000
__Lconfig                    config       300000
__Lconst                     const        000000
__LcstackBANK0               cstackBANK0  000000
__LcstackBANK1               cstackBANK1  000000
__LcstackCOMRAM              cstackCOMRAM 000000
__Ldata                      data         000000
__LdataCOMRAM                dataCOMRAM   000000
__Leeprom_data               eeprom_data  000000
__Lfarbss                    farbss       000000
__Lfardata                   fardata      000000
__Libigdata                  ibigdata     000000
__Lidata                     idata        000000
__LidataCOMRAM               idataCOMRAM  000000
__Lidloc                     idloc        200000
__Lifardata                  ifardata     000000
__Linit                      init         00000E
__Lintcode                   intcode      000008
__Lintcode_body              intcode_body 000000
__Lintcodelo                 intcodelo    00000E
__Lintentry                  intentry     000000
__Lintret                    intret       000000
__Lintsave_regs              intsave_regs 000000
__Lirdata                    irdata       000000
__Lmediumconst               mediumconst  005EDC
__LnvFARRAM                  nvFARRAM     000000
__Lnvbit                     nvbit        000000
__Lnvrram                    nvrram       000000
__Lparam                     rparam       000000
__Lpowerup                   powerup      00000E
__Lram                       ram          000000
__Lramtop                    ramtop       000800
__Lrbit                      rbit         000000
__Lrbss                      rbss         000000
__Lrdata                     rdata        000000
__Lreset_vec                 reset_vec    000000
__Lrparam                    rparam       000000
__Lsfr                       sfr          000000
__Lsmallconst                smallconst   000000
__Lspace_0                   (abs)        000000
__Lspace_1                   (abs)        000000
__Lspace_2                   (abs)        000000
__Lstack                     stack        000000
__Lstruct                    struct       000000
__Ltemp                      temp         00004C
__Ltext                      text         000000
__Ltext0                     text0        000000
__Ltext1                     text1        000000
__Ltext10                    text10       000000
__Ltext11                    text11       000000
__Ltext12                    text12       000000
__Ltext13                    text13       000000
__Ltext14                    text14       000000
__Ltext15                    text15       000000
__Ltext16                    text16       000000
__Ltext17                    text17       000000
__Ltext18                    text18       000000
__Ltext19                    text19       000000
__Ltext2                     text2        000000
__Ltext20                    text20       000000
__Ltext21                    text21       000000
__Ltext22                    text22       000000
__Ltext23                    text23       000000
__Ltext24                    text24       000000
__Ltext25                    text25       000000
__Ltext26                    text26       000000
__Ltext27                    text27       000000
__Ltext28                    text28       000000
__Ltext29                    text29       000000
__Ltext3                     text3        000000
__Ltext30                    text30       000000
__Ltext31                    text31       000000
__Ltext32                    text32       000000
__Ltext33                    text33       000000
__Ltext34                    text34       000000
__Ltext35                    text35       000000
__Ltext36                    text36       000000
__Ltext38                    text38       000000
__Ltext39                    text39       000000
__Ltext4                     text4        000000
__Ltext5                     text5        000000
__Ltext6                     text6        000000
__Ltext7                     text7        000000
__Ltext8                     text8        000000
__Ltext9                     text9        000000
__S0                         (abs)        30000E
__S1                         (abs)        0001F9
__S2                         (abs)        000000
___awdiv                     text18       001C64
___awdiv@counter             cstackCOMRAM 00001E
___awdiv@dividend            cstackCOMRAM 00001A
___awdiv@divisor             cstackCOMRAM 00001C
___awdiv@quotient            cstackCOMRAM 000020
___awdiv@sign                cstackCOMRAM 00001F
___awmod                     text17       001D6A
___awmod@counter             cstackCOMRAM 000018
___awmod@dividend            cstackCOMRAM 000014
___awmod@divisor             cstackCOMRAM 000016
___awmod@sign                cstackCOMRAM 000019
___awtoft                    text35       0021F8
___awtoft@c                  cstackCOMRAM 00001C
___awtoft@sign               cstackCOMRAM 00001F
___ftadd                     text26       001306
___ftadd@exp1                cstackBANK0  0000D3
___ftadd@exp2                cstackBANK0  0000D2
___ftadd@f1                  cstackBANK0  0000CB
___ftadd@f2                  cstackBANK0  0000CE
___ftadd@sign                cstackBANK0  0000D1
___ftge                      text28       001BD4
___ftge@ff1                  cstackCOMRAM 000014
___ftge@ff2                  cstackCOMRAM 000017
___ftmul                     text16       001806
___ftmul@cntr                cstackCOMRAM 000035
___ftmul@exp                 cstackCOMRAM 000031
___ftmul@f1                  cstackCOMRAM 000028
___ftmul@f2                  cstackCOMRAM 00002B
___ftmul@f3_as_product       cstackCOMRAM 000032
___ftmul@sign                cstackCOMRAM 000036
___ftneg                     text27       002282
___ftneg@f1                  cstackCOMRAM 000014
___ftpack                    text36       001A78
___ftpack@arg                cstackCOMRAM 000014
___ftpack@exp                cstackCOMRAM 000017
___ftpack@sign               cstackCOMRAM 000018
___ftsub                     text25       002138
___ftsub@f1                  cstackBANK0  0000D4
___ftsub@f2                  cstackBANK0  0000D7
___fttol                     text24       00170E
___fttol@exp1                cstackBANK0  0000D2
___fttol@f1                  cstackBANK0  0000C4
___fttol@lval                cstackBANK0  0000CE
___fttol@sign1               cstackBANK0  0000CD
___inthi_sp                  stack        000000
___intlo_sp                  stack        000000
___lldiv                     text23       001CE8
___lldiv@counter             cstackCOMRAM 000020
___lldiv@dividend            cstackCOMRAM 000014
___lldiv@divisor             cstackCOMRAM 000018
___lldiv@quotient            cstackCOMRAM 00001C
___llmod                     text22       001DDA
___llmod@counter             cstackCOMRAM 00001C
___llmod@dividend            cstackCOMRAM 000014
___llmod@divisor             cstackCOMRAM 000018
___lltoft                    text21       001E40
___lltoft@c                  cstackCOMRAM 00001C
___lltoft@exp                cstackCOMRAM 000024
___param_bank                (abs)        000000
___rparam_used               (abs)        000001
___sp                        stack        000000
___wmul                      text34       00225C
___wmul@multiplicand         cstackCOMRAM 000024
___wmul@multiplier           cstackCOMRAM 000022
___wmul@product              cstackCOMRAM 000026
__accesstop                  (abs)        000060
__activetblptr               (abs)        000002
__div_to_l_                  text20       0015E6
__div_to_l_@cntr             cstackCOMRAM 00001E
__div_to_l_@exp1             cstackCOMRAM 00001F
__div_to_l_@f1               cstackCOMRAM 000014
__div_to_l_@f2               cstackCOMRAM 000017
__div_to_l_@quot             cstackCOMRAM 00001A
__end_of_IRS                 intcode_body 001BD4
__end_of___awdiv             text18       001CE8
__end_of___awmod             text17       001DDA
__end_of___awtoft            text35       002230
__end_of___ftadd             text26       0014B4
__end_of___ftge              text28       001C64
__end_of___ftmul             text16       0018FA
__end_of___ftneg             text27       0022A6
__end_of___ftpack            text36       001B26
__end_of___ftsub             text25       00217A
__end_of___fttol             text24       001806
__end_of___lldiv             text23       001D6A
__end_of___llmod             text22       001E40
__end_of___lltoft            text21       001E9C
__end_of___wmul              text34       002282
__end_of__div_to_l_          text20       00170E
__end_of__initialization     cinit        001FCE
__end_of__npowers_           mediumconst  005F53
__end_of__powers_            mediumconst  005F2C
__end_of__tdiv_to_l_         text19       0015E6
__end_of_atoi                text32       0019C8
__end_of_configure_pwm       text31       002308
__end_of_configure_tmr2      text30       0022D6
__end_of_dpowers             mediumconst  005F05
__end_of_fround              text15       001306
__end_of_isdigit             text33       0022C4
__end_of_main                text0        0010AC
__end_of_memset              text7        00225C
__end_of_scale               text14       000D6C
__end_of_send_sr             text29       001EF2
__end_of_sprintf             text13       000964
__end_of_strchr              text11       0021F8
__end_of_strcmp              text12       00206E
__end_of_strcpy              text6        0020F6
__end_of_strcspn             text10       001F92
__end_of_strspn              text9        001F42
__end_of_strtok              text8        001A78
__end_of_uart_read_buffer    text5        002138
__end_of_uart_rx_isr         text39       002026
__end_of_uart_send_string    text4        0020B2
__end_of_uart_set_baud_rate  text3        0022E6
__end_of_uart_set_rx         text2        0022FE
__end_of_uart_set_tx         text1        0022F2
__end_of_uart_tx_isr         text38       0021BC
__initialization             cinit        001F92
__mediumconst                mediumconst  005EDC
__npowers_                   mediumconst  005F2C
__pbssBANK0                  bssBANK0     000060
__pbssBANK1                  bssBANK1     000183
__pbssCOMRAM                 bssCOMRAM    00003E
__pcinit                     cinit        001F92
__pcstackBANK0               cstackBANK0  0000C4
__pcstackBANK1               cstackBANK1  000100
__pcstackCOMRAM              cstackCOMRAM 000001
__pdataCOMRAM                dataCOMRAM   00004A
__pidataCOMRAM               idataCOMRAM  002308
__pintcode                   intcode      000008
__pintcode_body              intcode_body 001B26
__pmediumconst               mediumconst  005EDC
__powers_                    mediumconst  005F05
__ptext0                     text0        000D6C
__ptext1                     text1        0022E6
__ptext10                    text10       001F42
__ptext11                    text11       0021BC
__ptext12                    text12       002026
__ptext13                    text13       000012
__ptext14                    text14       000964
__ptext15                    text15       0010AC
__ptext16                    text16       001806
__ptext17                    text17       001D6A
__ptext18                    text18       001C64
__ptext19                    text19       0014B4
__ptext2                     text2        0022F2
__ptext20                    text20       0015E6
__ptext21                    text21       001E40
__ptext22                    text22       001DDA
__ptext23                    text23       001CE8
__ptext24                    text24       00170E
__ptext25                    text25       002138
__ptext26                    text26       001306
__ptext27                    text27       002282
__ptext28                    text28       001BD4
__ptext29                    text29       001E9C
__ptext3                     text3        0022D6
__ptext30                    text30       0022C4
__ptext31                    text31       0022FE
__ptext32                    text32       0018FA
__ptext33                    text33       0022A6
__ptext34                    text34       00225C
__ptext35                    text35       0021F8
__ptext36                    text36       001A78
__ptext38                    text38       00217A
__ptext39                    text39       001FDC
__ptext4                     text4        00206E
__ptext5                     text5        0020F6
__ptext6                     text6        0020B2
__ptext7                     text7        002230
__ptext8                     text8        0019C8
__ptext9                     text9        001EF2
__ramtop                     ramtop       000800
__size_of_IRS                (abs)        000000
__size_of___awdiv            (abs)        000000
__size_of___awmod            (abs)        000000
__size_of___awtoft           (abs)        000000
__size_of___ftadd            (abs)        000000
__size_of___ftge             (abs)        000000
__size_of___ftmul            (abs)        000000
__size_of___ftneg            (abs)        000000
__size_of___ftpack           (abs)        000000
__size_of___ftsub            (abs)        000000
__size_of___fttol            (abs)        000000
__size_of___lldiv            (abs)        000000
__size_of___llmod            (abs)        000000
__size_of___lltoft           (abs)        000000
__size_of___wmul             (abs)        000000
__size_of__div_to_l_         (abs)        000000
__size_of__tdiv_to_l_        (abs)        000000
__size_of_atoi               (abs)        000000
__size_of_configure_pwm      (abs)        000000
__size_of_configure_tmr2     (abs)        000000
__size_of_fround             (abs)        000000
__size_of_isdigit            (abs)        000000
__size_of_main               (abs)        000000
__size_of_memset             (abs)        000000
__size_of_scale              (abs)        000000
__size_of_send_sr            (abs)        000000
__size_of_sprintf            (abs)        000000
__size_of_strchr             (abs)        000000
__size_of_strcmp             (abs)        000000
__size_of_strcpy             (abs)        000000
__size_of_strcspn            (abs)        000000
__size_of_strspn             (abs)        000000
__size_of_strtok             (abs)        000000
__size_of_uart_read_buffer   (abs)        000000
__size_of_uart_rx_isr        (abs)        000000
__size_of_uart_send_string   (abs)        000000
__size_of_uart_set_baud_rate (abs)        000000
__size_of_uart_set_rx        (abs)        000000
__size_of_uart_set_tx        (abs)        000000
__size_of_uart_tx_isr        (abs)        000000
__smallconst                 smallconst   000000
__tdiv_to_l_                 text19       0014B4
__tdiv_to_l_@cntr            cstackCOMRAM 000021
__tdiv_to_l_@exp1            cstackCOMRAM 000022
__tdiv_to_l_@f1              cstackCOMRAM 000014
__tdiv_to_l_@f2              cstackCOMRAM 000017
__tdiv_to_l_@quot            cstackCOMRAM 00001D
_atoi                        text32       0018FA
_configure_pwm               text31       0022FE
_configure_tmr2              text30       0022C4
_dpowers                     mediumconst  005EDD
_fround                      text15       0010AC
_fround$1537                 cstackBANK0  0000C7
_fround$1538                 cstackBANK0  0000C4
_isdigit                     text33       0022A6
_isdigit$1159                cstackCOMRAM 000015
_main                        text0        000D6C
_main$1536                   cstackBANK1  000166
_memset                      text7        002230
_motor_1_ia                  bssBANK1     000193
_pwm                         bssCOMRAM    000048
_pwm_counter                 bssCOMRAM    000046
_rx_buffer                   bssBANK1     000195
_rx_buffer_full              bssCOMRAM    000040
_rx_buffer_pointer           bssCOMRAM    000042
_scale                       text14       000964
_scale$1539                  cstackCOMRAM 00003A
_send_sr                     text29       001E9C
_sprintf                     text13       000012
_sprintf$1540                cstackBANK0  0000E7
_strchr                      text11       0021BC
_strcmp                      text12       002026
_strcpy                      text6        0020B2
_strcspn                     text10       001F42
_strspn                      text9        001EF2
_strtok                      text8        0019C8
_tx_buffer                   bssBANK0     000060
_tx_buffer_pointer           bssCOMRAM    000044
_tx_transmission_end         dataCOMRAM   00004A
_uart_read_buffer            text5        0020F6
_uart_rx_isr                 text39       001FDC
_uart_send_string            text4        00206E
_uart_set_baud_rate          text3        0022D6
_uart_set_rx                 text2        0022F2
_uart_set_tx                 text1        0022E6
_uart_tx_isr                 text38       00217A
atoi@a                       cstackCOMRAM 00002D
atoi@s                       cstackCOMRAM 000028
atoi@sign                    cstackCOMRAM 00002C
btemp                        temp         00004C
end_of_initialization        cinit        001FCE
fround@prec                  cstackBANK0  0000CA
int$flags                    temp         00004C
int_func                     intcode_body 001B26
intlevel0                    text         000000
intlevel1                    text         000000
intlevel2                    text         000000
intlevel3                    text         000000
isdigit@c                    cstackCOMRAM 000016
main@F4085                   bssBANK1     000183
main@L298_inputs             cstackBANK1  000169
main@arg1                    cstackBANK1  000164
main@arg2                    cstackBANK1  000181
main@command                 cstackBANK1  00017F
main@raw_command             cstackBANK1  000100
main@send_current            cstackBANK1  000179
memset@c                     cstackCOMRAM 000016
memset@n                     cstackCOMRAM 000018
memset@p                     cstackCOMRAM 00001A
memset@p1                    cstackCOMRAM 000014
scale@scl                    cstackCOMRAM 00003D
send_sr@buffer               cstackCOMRAM 000014
send_sr@i                    cstackCOMRAM 000017
sprintf@ap                   cstackBANK0  0000EA
sprintf@c                    cstackBANK0  0000FF
sprintf@exp                  cstackBANK0  0000F4
sprintf@f                    cstackBANK0  0000DC
sprintf@flag                 cstackBANK0  0000F6
sprintf@fval                 cstackBANK0  0000FA
sprintf@prec                 cstackBANK0  0000FD
sprintf@sp                   cstackBANK0  0000DA
sprintf@tmpval               cstackBANK0  0000F0
sprintf@val                  cstackBANK0  0000EC
sprintf@width                cstackBANK0  0000F8
stackhi                      (abs)        0007FF
stacklo                      (abs)        0001F9
start                        init         00000E
start_initialization         cinit        001F92
strchr@chr                   cstackCOMRAM 000016
strchr@ptr                   cstackCOMRAM 000014
strcmp@r                     cstackCOMRAM 000019
strcmp@s1                    cstackCOMRAM 000014
strcmp@s2                    cstackCOMRAM 000016
strcpy@cp                    cstackCOMRAM 000018
strcpy@from                  cstackCOMRAM 000016
strcpy@to                    cstackCOMRAM 000014
strcspn@i                    cstackCOMRAM 00001D
strcspn@s1                   cstackCOMRAM 000018
strcspn@s2                   cstackCOMRAM 00001A
strspn@i                     cstackCOMRAM 00001D
strspn@s1                    cstackCOMRAM 000018
strspn@s2                    cstackCOMRAM 00001A
strtok@s1                    cstackCOMRAM 00001F
strtok@s2                    cstackCOMRAM 000021
strtok@sp                    bssCOMRAM    00003E
uart_read_buffer@message     cstackCOMRAM 00001C
uart_send_string@message     cstackCOMRAM 00001C
wtemp6                       temp         00004D


FUNCTION INFORMATION:

 *************** function _main *****************
 Defined at:
		line 45 in file "main.c"
 Parameters:    Size  Location     Type
		None
 Auto vars:     Size  Location     Type
  send_current    6  121[BANK1 ] unsigned char [6]
  raw_command   100    0[BANK1 ] unsigned char [100]
  L298_inputs    16  105[BANK1 ] short [8]
  arg2            2  129[BANK1 ] PTR unsigned char 
		 -> NULL(0), main@raw_command(100), 
  command         2  127[BANK1 ] PTR unsigned char 
		 -> NULL(0), main@raw_command(100), 
  arg1            2  100[BANK1 ] PTR unsigned char 
		 -> NULL(0), main@raw_command(100), 
 Return value:  Size  Location     Type
                  1    wreg      void 
 Registers used:
		wreg, fsr1l, fsr1h, fsr2l, fsr2h, status,2, status,0, tblptrl, tblptrh, tblptru, prodl, prodh, cstack
 Tracked objects:
		On entry : 
		On exit  : 
		Unchanged: 
 Data sizes:     COMRAM   BANK0   BANK1   BANK2   BANK3   BANK4   BANK5   BANK6   BANK7
      Params:         0       0       0       0       0       0       0       0       0
      Locals:         0       0     131       0       0       0       0       0       0
      Temps:          0       0       0       0       0       0       0       0       0
      Totals:         0       0     131       0       0       0       0       0       0
Total ram usage:      131 bytes
 Hardware stack levels required when called:    6
 This function calls:
		___awtoft
		___ftmul
		_atoi
		_configure_pwm
		_configure_tmr2
		_memset
		_send_sr
		_sprintf
		_strcmp
		_strtok
		_uart_read_buffer
		_uart_send_string
		_uart_set_baud_rate
		_uart_set_rx
		_uart_set_tx
 This function is called by:
		Startup code after reset
 This function uses a non-reentrant model


 *************** function _uart_set_tx *****************
 Defined at:
		line 22 in file "usart.c"
 Parameters:    Size  Location     Type
		None
 Auto vars:     Size  Location     Type
		None
 Return value:  Size  Location     Type
                  1    wreg      void 
 Registers used:
		None
 Tracked objects:
		On entry : 
		On exit  : 
		Unchanged: 
 Data sizes:     COMRAM   BANK0   BANK1   BANK2   BANK3   BANK4   BANK5   BANK6   BANK7
      Params:         0       0       0       0       0       0       0       0       0
      Locals:         0       0       0       0       0       0       0       0       0
      Temps:          0       0       0       0       0       0       0       0       0
      Totals:         0       0       0       0       0       0       0       0       0
Total ram usage:        0 bytes
 Hardware stack levels used:    1
 Hardware stack levels required when called:    2
 This function calls:
		Nothing
 This function is called by:
		_main
 This function uses a non-reentrant model


 *************** function _uart_set_rx *****************
 Defined at:
		line 32 in file "usart.c"
 Parameters:    Size  Location     Type
		None
 Auto vars:     Size  Location     Type
		None
 Return value:  Size  Location     Type
                  1    wreg      void 
 Registers used:
		None
 Tracked objects:
		On entry : 
		On exit  : 
		Unchanged: 
 Data sizes:     COMRAM   BANK0   BANK1   BANK2   BANK3   BANK4   BANK5   BANK6   BANK7
      Params:         0       0       0       0       0       0       0       0       0
      Locals:         0       0       0       0       0       0       0       0       0
      Temps:          0       0       0       0       0       0       0       0       0
      Totals:         0       0       0       0       0       0       0       0       0
Total ram usage:        0 bytes
 Hardware stack levels used:    1
 Hardware stack levels required when called:    2
 This function calls:
		Nothing
 This function is called by:
		_main
 This function uses a non-reentrant model


 *************** function _uart_set_baud_rate *****************
 Defined at:
		line 42 in file "usart.c"
 Parameters:    Size  Location     Type
		None
 Auto vars:     Size  Location     Type
		None
 Return value:  Size  Location     Type
                  1    wreg      void 
 Registers used:
		wreg, status,2
 Tracked objects:
		On entry : 
		On exit  : 
		Unchanged: 
 Data sizes:     COMRAM   BANK0   BANK1   BANK2   BANK3   BANK4   BANK5   BANK6   BANK7
      Params:         0       0       0       0       0       0       0       0       0
      Locals:         0       0       0       0       0       0       0       0       0
      Temps:          0       0       0       0       0       0       0       0       0
      Totals:         0       0       0       0       0       0       0       0       0
Total ram usage:        0 bytes
 Hardware stack levels used:    1
 Hardware stack levels required when called:    2
 This function calls:
		Nothing
 This function is called by:
		_main
 This function uses a non-reentrant model


 *************** function _uart_send_string *****************
 Defined at:
		line 53 in file "usart.c"
 Parameters:    Size  Location     Type
  message         2   27[COMRAM] PTR unsigned char 
		 -> main@send_current(6), STR_19(13), STR_17(16), STR_15(16), 
		 -> STR_12(15), STR_10(15), STR_7(21), STR_2(20), 
		 -> STR_1(18), 
 Auto vars:     Size  Location     Type
		None
 Return value:  Size  Location     Type
                  1    wreg      void 
 Registers used:
		wreg, fsr1l, fsr1h, fsr2l, fsr2h, status,2, status,0, tblptrl, tblptrh, tblptru, cstack
 Tracked objects:
		On entry : 
		On exit  : 
		Unchanged: 
 Data sizes:     COMRAM   BANK0   BANK1   BANK2   BANK3   BANK4   BANK5   BANK6   BANK7
      Params:         2       0       0       0       0       0       0       0       0
      Locals:         0       0       0       0       0       0       0       0       0
      Temps:          0       0       0       0       0       0       0       0       0
      Totals:         2       0       0       0       0       0       0       0       0
Total ram usage:        2 bytes
 Hardware stack levels used:    1
 Hardware stack levels required when called:    3
 This function calls:
		_memset
		_strcpy
 This function is called by:
		_main
 This function uses a non-reentrant model


 *************** function _uart_read_buffer *****************
 Defined at:
		line 65 in file "usart.c"
 Parameters:    Size  Location     Type
  message         2   27[COMRAM] PTR unsigned char 
		 -> main@raw_command(100), 
 Auto vars:     Size  Location     Type
		None
 Return value:  Size  Location     Type
                  1    wreg      void 
 Registers used:
		wreg, fsr1l, fsr1h, fsr2l, fsr2h, status,2, status,0, tblptrl, tblptrh, tblptru, cstack
 Tracked objects:
		On entry : 
		On exit  : 
		Unchanged: 
 Data sizes:     COMRAM   BANK0   BANK1   BANK2   BANK3   BANK4   BANK5   BANK6   BANK7
      Params:         2       0       0       0       0       0       0       0       0
      Locals:         0       0       0       0       0       0       0       0       0
      Temps:          0       0       0       0       0       0       0       0       0
      Totals:         2       0       0       0       0       0       0       0       0
Total ram usage:        2 bytes
 Hardware stack levels used:    1
 Hardware stack levels required when called:    3
 This function calls:
		_memset
		_strcpy
 This function is called by:
		_main
 This function uses a non-reentrant model


 *************** function _strcpy *****************
 Defined at:
		line 8 in file "C:\Program Files (x86)\Microchip\xc8\v1.45\sources\common\strcpy.c"
 Parameters:    Size  Location     Type
  to              2   19[COMRAM] PTR unsigned char 
		 -> tx_buffer(100), main@raw_command(100), 
  from            2   21[COMRAM] PTR const unsigned char 
		 -> rx_buffer(100), main@send_current(6), STR_19(13), STR_17(16), 
		 -> STR_15(16), STR_12(15), STR_10(15), STR_7(21), 
		 -> STR_2(20), STR_1(18), 
 Auto vars:     Size  Location     Type
  cp              2   23[COMRAM] PTR unsigned char 
		 -> tx_buffer(100), main@raw_command(100), 
 Return value:  Size  Location     Type
                  2   19[COMRAM] PTR unsigned char 
 Registers used:
		wreg, fsr1l, fsr1h, fsr2l, fsr2h, status,2, status,0, tblptrl, tblptrh, tblptru
 Tracked objects:
		On entry : 
		On exit  : 
		Unchanged: 
 Data sizes:     COMRAM   BANK0   BANK1   BANK2   BANK3   BANK4   BANK5   BANK6   BANK7
      Params:         4       0       0       0       0       0       0       0       0
      Locals:         2       0       0       0       0       0       0       0       0
      Temps:          0       0       0       0       0       0       0       0       0
      Totals:         6       0       0       0       0       0       0       0       0
Total ram usage:        6 bytes
 Hardware stack levels used:    1
 Hardware stack levels required when called:    2
 This function calls:
		Nothing
 This function is called by:
		_uart_send_string
		_uart_read_buffer
 This function uses a non-reentrant model


 *************** function _memset *****************
 Defined at:
		line 8 in file "C:\Program Files (x86)\Microchip\xc8\v1.45\sources\common\memset.c"
 Parameters:    Size  Location     Type
  p1              2   19[COMRAM] PTR void 
		 -> rx_buffer(100), tx_buffer(100), main@raw_command(100), 
  c               2   21[COMRAM] int 
  n               2   23[COMRAM] unsigned int 
 Auto vars:     Size  Location     Type
  p               2   25[COMRAM] PTR unsigned char 
		 -> rx_buffer(100), tx_buffer(100), main@raw_command(100), 
 Return value:  Size  Location     Type
                  2   19[COMRAM] PTR void 
 Registers used:
		wreg, fsr2l, fsr2h, status,2, status,0
 Tracked objects:
		On entry : 
		On exit  : 
		Unchanged: 
 Data sizes:     COMRAM   BANK0   BANK1   BANK2   BANK3   BANK4   BANK5   BANK6   BANK7
      Params:         6       0       0       0       0       0       0       0       0
      Locals:         2       0       0       0       0       0       0       0       0
      Temps:          0       0       0       0       0       0       0       0       0
      Totals:         8       0       0       0       0       0       0       0       0
Total ram usage:        8 bytes
 Hardware stack levels used:    1
 Hardware stack levels required when called:    2
 This function calls:
		Nothing
 This function is called by:
		_main
		_uart_send_string
		_uart_read_buffer
 This function uses a non-reentrant model


 *************** function _strtok *****************
 Defined at:
		line 8 in file "C:\Program Files (x86)\Microchip\xc8\v1.45\sources\common\strtok.c"
 Parameters:    Size  Location     Type
  s1              2   30[COMRAM] PTR unsigned char 
		 -> NULL(0), main@raw_command(100), 
  s2              2   32[COMRAM] PTR const unsigned char 
		 -> STR_5(3), STR_4(3), STR_3(3), 
 Auto vars:     Size  Location     Type
		None
 Return value:  Size  Location     Type
                  2   30[COMRAM] PTR unsigned char 
 Registers used:
		wreg, fsr2l, fsr2h, status,2, status,0, tblptrl, tblptrh, tblptru, cstack
 Tracked objects:
		On entry : 
		On exit  : 
		Unchanged: 
 Data sizes:     COMRAM   BANK0   BANK1   BANK2   BANK3   BANK4   BANK5   BANK6   BANK7
      Params:         4       0       0       0       0       0       0       0       0
      Locals:         0       0       0       0       0       0       0       0       0
      Temps:          0       0       0       0       0       0       0       0       0
      Totals:         4       0       0       0       0       0       0       0       0
Total ram usage:        4 bytes
 Hardware stack levels used:    1
 Hardware stack levels required when called:    4
 This function calls:
		_strcspn
		_strspn
 This function is called by:
		_main
 This function uses a non-reentrant model


 *************** function _strspn *****************
 Defined at:
		line 4 in file "C:\Program Files (x86)\Microchip\xc8\v1.45\sources\common\strspn.c"
 Parameters:    Size  Location     Type
  s1              2   23[COMRAM] PTR const unsigned char 
		 -> NULL(0), main@raw_command(100), 
  s2              2   25[COMRAM] PTR const unsigned char 
		 -> STR_5(3), STR_4(3), STR_3(3), 
 Auto vars:     Size  Location     Type
  i               2   28[COMRAM] unsigned int 
 Return value:  Size  Location     Type
                  2   23[COMRAM] unsigned int 
 Registers used:
		wreg, fsr2l, fsr2h, status,2, status,0, tblptrl, tblptrh, tblptru, cstack
 Tracked objects:
		On entry : 
		On exit  : 
		Unchanged: 
 Data sizes:     COMRAM   BANK0   BANK1   BANK2   BANK3   BANK4   BANK5   BANK6   BANK7
      Params:         4       0       0       0       0       0       0       0       0
      Locals:         2       0       0       0       0       0       0       0       0
      Temps:          1       0       0       0       0       0       0       0       0
      Totals:         7       0       0       0       0       0       0       0       0
Total ram usage:        7 bytes
 Hardware stack levels used:    1
 Hardware stack levels required when called:    3
 This function calls:
		_strchr
 This function is called by:
		_strtok
 This function uses a non-reentrant model


 *************** function _strcspn *****************
 Defined at:
		line 4 in file "C:\Program Files (x86)\Microchip\xc8\v1.45\sources\common\strcspn.c"
 Parameters:    Size  Location     Type
  s1              2   23[COMRAM] PTR const unsigned char 
		 -> NULL(0), main@raw_command(100), 
  s2              2   25[COMRAM] PTR const unsigned char 
		 -> STR_5(3), STR_4(3), STR_3(3), 
 Auto vars:     Size  Location     Type
  i               2   28[COMRAM] unsigned int 
 Return value:  Size  Location     Type
                  2   23[COMRAM] unsigned int 
 Registers used:
		wreg, fsr2l, fsr2h, status,2, status,0, tblptrl, tblptrh, tblptru, cstack
 Tracked objects:
		On entry : 
		On exit  : 
		Unchanged: 
 Data sizes:     COMRAM   BANK0   BANK1   BANK2   BANK3   BANK4   BANK5   BANK6   BANK7
      Params:         4       0       0       0       0       0       0       0       0
      Locals:         2       0       0       0       0       0       0       0       0
      Temps:          1       0       0       0       0       0       0       0       0
      Totals:         7       0       0       0       0       0       0       0       0
Total ram usage:        7 bytes
 Hardware stack levels used:    1
 Hardware stack levels required when called:    3
 This function calls:
		_strchr
 This function is called by:
		_strtok
 This function uses a non-reentrant model


 *************** function _strchr *****************
 Defined at:
		line 4 in file "C:\Program Files (x86)\Microchip\xc8\v1.45\sources\common\strchr.c"
 Parameters:    Size  Location     Type
  ptr             2   19[COMRAM] PTR const unsigned char 
		 -> STR_5(3), STR_4(3), STR_3(3), 
  chr             2   21[COMRAM] int 
 Auto vars:     Size  Location     Type
		None
 Return value:  Size  Location     Type
                  2   19[COMRAM] PTR unsigned char 
 Registers used:
		wreg, status,2, status,0, tblptrl, tblptrh, tblptru
 Tracked objects:
		On entry : 
		On exit  : 
		Unchanged: 
 Data sizes:     COMRAM   BANK0   BANK1   BANK2   BANK3   BANK4   BANK5   BANK6   BANK7
      Params:         4       0       0       0       0       0       0       0       0
      Locals:         0       0       0       0       0       0       0       0       0
      Temps:          0       0       0       0       0       0       0       0       0
      Totals:         4       0       0       0       0       0       0       0       0
Total ram usage:        4 bytes
 Hardware stack levels used:    1
 Hardware stack levels required when called:    2
 This function calls:
		Nothing
 This function is called by:
		_strcspn
		_strspn
 This function uses a non-reentrant model


 *************** function _strcmp *****************
 Defined at:
		line 33 in file "C:\Program Files (x86)\Microchip\xc8\v1.45\sources\common\strcmp.c"
 Parameters:    Size  Location     Type
  s1              2   19[COMRAM] PTR const unsigned char 
		 -> NULL(0), main@raw_command(100), 
  s2              2   21[COMRAM] PTR const unsigned char 
		 -> STR_21(2), STR_20(6), STR_18(4), STR_16(2), 
		 -> STR_14(2), STR_13(4), STR_11(2), STR_9(2), 
		 -> STR_8(3), STR_6(4), 
 Auto vars:     Size  Location     Type
  r               1   24[COMRAM] char 
 Return value:  Size  Location     Type
                  2   19[COMRAM] int 
 Registers used:
		wreg, fsr2l, fsr2h, status,2, status,0, tblptrl, tblptrh, tblptru
 Tracked objects:
		On entry : 
		On exit  : 
		Unchanged: 
 Data sizes:     COMRAM   BANK0   BANK1   BANK2   BANK3   BANK4   BANK5   BANK6   BANK7
      Params:         4       0       0       0       0       0       0       0       0
      Locals:         1       0       0       0       0       0       0       0       0
      Temps:          1       0       0       0       0       0       0       0       0
      Totals:         6       0       0       0       0       0       0       0       0
Total ram usage:        6 bytes
 Hardware stack levels used:    1
 Hardware stack levels required when called:    2
 This function calls:
		Nothing
 This function is called by:
		_main
 This function uses a non-reentrant model


 *************** function _sprintf *****************
 Defined at:
		line 492 in file "C:\Program Files (x86)\Microchip\xc8\v1.45\sources\common\doprnt.c"
 Parameters:    Size  Location     Type
  sp              2   22[BANK0 ] PTR unsigned char 
		 -> main@send_current(6), 
  f               2   24[BANK0 ] PTR const unsigned char 
		 -> STR_22(9), 
 Auto vars:     Size  Location     Type
  tmpval          4   44[BANK0 ] struct .
  val             4   40[BANK0 ] unsigned long 
  fval            3   54[BANK0 ] unsigned long 
  cp              3    0        PTR const unsigned char 
  prec            2   57[BANK0 ] int 
  width           2   52[BANK0 ] int 
  flag            2   50[BANK0 ] unsigned short 
  exp             2   48[BANK0 ] int 
  ap              2   38[BANK0 ] PTR void [1]
		 -> ?_sprintf(2), 
  len             2    0        unsigned int 
  c               1   59[BANK0 ] char 
  d               1    0        unsigned char 
 Return value:  Size  Location     Type
                  2   22[BANK0 ] int 
 Registers used:
		wreg, fsr2l, fsr2h, status,2, status,0, tblptrl, tblptrh, tblptru, prodl, prodh, cstack
 Tracked objects:
		On entry : 
		On exit  : 
		Unchanged: 
 Data sizes:     COMRAM   BANK0   BANK1   BANK2   BANK3   BANK4   BANK5   BANK6   BANK7
      Params:         0       7       0       0       0       0       0       0       0
      Locals:         0      25       0       0       0       0       0       0       0
      Temps:          0       6       0       0       0       0       0       0       0
      Totals:         0      38       0       0       0       0       0       0       0
Total ram usage:       38 bytes
 Hardware stack levels used:    1
 Hardware stack levels required when called:    5
 This function calls:
		___awdiv
		___ftadd
		___ftge
		___ftmul
		___ftneg
		___ftsub
		___fttol
		___lldiv
		___llmod
		___lltoft
		___wmul
		__div_to_l_
		__tdiv_to_l_
		_fround
		_isdigit
		_scale
 This function is called by:
		_main
 This function uses a non-reentrant model


 *************** function _scale *****************
 Defined at:
		line 425 in file "C:\Program Files (x86)\Microchip\xc8\v1.45\sources\common\doprnt.c"
 Parameters:    Size  Location     Type
  scl             1    wreg     char 
 Auto vars:     Size  Location     Type
  scl             1   60[COMRAM] char 
 Return value:  Size  Location     Type
                  3   54[COMRAM] char 
 Registers used:
		wreg, status,2, status,0, tblptrl, tblptrh, tblptru, prodl, prodh, cstack
 Tracked objects:
		On entry : 
		On exit  : 
		Unchanged: 
 Data sizes:     COMRAM   BANK0   BANK1   BANK2   BANK3   BANK4   BANK5   BANK6   BANK7
      Params:         3       0       0       0       0       0       0       0       0
      Locals:         4       0       0       0       0       0       0       0       0
      Temps:          0       0       0       0       0       0       0       0       0
      Totals:         7       0       0       0       0       0       0       0       0
Total ram usage:        7 bytes
 Hardware stack levels used:    1
 Hardware stack levels required when called:    4
 This function calls:
		___awdiv
		___awmod
		___ftmul
		___wmul
 This function is called by:
		_sprintf
 This function uses a non-reentrant model


 *************** function _fround *****************
 Defined at:
		line 409 in file "C:\Program Files (x86)\Microchip\xc8\v1.45\sources\common\doprnt.c"
 Parameters:    Size  Location     Type
  prec            1    wreg     unsigned char 
 Auto vars:     Size  Location     Type
  prec            1    6[BANK0 ] unsigned char 
 Return value:  Size  Location     Type
                  3   54[COMRAM] unsigned char 
 Registers used:
		wreg, status,2, status,0, tblptrl, tblptrh, tblptru, prodl, prodh, cstack
 Tracked objects:
		On entry : 
		On exit  : 
		Unchanged: 
 Data sizes:     COMRAM   BANK0   BANK1   BANK2   BANK3   BANK4   BANK5   BANK6   BANK7
      Params:         3       0       0       0       0       0       0       0       0
      Locals:         0       7       0       0       0       0       0       0       0
      Temps:          0       0       0       0       0       0       0       0       0
      Totals:         3       7       0       0       0       0       0       0       0
Total ram usage:       10 bytes
 Hardware stack levels used:    1
 Hardware stack levels required when called:    4
 This function calls:
		___awdiv
		___awmod
		___ftmul
		___wmul
 This function is called by:
		_sprintf
 This function uses a non-reentrant model


 *************** function ___ftmul *****************
 Defined at:
		line 62 in file "C:\Program Files (x86)\Microchip\xc8\v1.45\sources\common\ftmul.c"
 Parameters:    Size  Location     Type
  f1              3   39[COMRAM] float 
  f2              3   42[COMRAM] float 
 Auto vars:     Size  Location     Type
  f3_as_produc    3   49[COMRAM] unsigned um
  sign            1   53[COMRAM] unsigned char 
  cntr            1   52[COMRAM] unsigned char 
  exp             1   48[COMRAM] unsigned char 
 Return value:  Size  Location     Type
                  3   39[COMRAM] float 
 Registers used:
		wreg, status,2, status,0, cstack
 Tracked objects:
		On entry : 
		On exit  : 
		Unchanged: 
 Data sizes:     COMRAM   BANK0   BANK1   BANK2   BANK3   BANK4   BANK5   BANK6   BANK7
      Params:         6       0       0       0       0       0       0       0       0
      Locals:         6       0       0       0       0       0       0       0       0
      Temps:          3       0       0       0       0       0       0       0       0
      Totals:        15       0       0       0       0       0       0       0       0
Total ram usage:       15 bytes
 Hardware stack levels used:    1
 Hardware stack levels required when called:    3
 This function calls:
		___ftpack
 This function is called by:
		_main
		_fround
		_scale
		_sprintf
 This function uses a non-reentrant model


 *************** function ___awmod *****************
 Defined at:
		line 8 in file "C:\Program Files (x86)\Microchip\xc8\v1.45\sources\common\awmod.c"
 Parameters:    Size  Location     Type
  dividend        2   19[COMRAM] int 
  divisor         2   21[COMRAM] int 
 Auto vars:     Size  Location     Type
  sign            1   24[COMRAM] unsigned char 
  counter         1   23[COMRAM] unsigned char 
 Return value:  Size  Location     Type
                  2   19[COMRAM] int 
 Registers used:
		wreg, status,2, status,0
 Tracked objects:
		On entry : 
		On exit  : 
		Unchanged: 
 Data sizes:     COMRAM   BANK0   BANK1   BANK2   BANK3   BANK4   BANK5   BANK6   BANK7
      Params:         4       0       0       0       0       0       0       0       0
      Locals:         2       0       0       0       0       0       0       0       0
      Temps:          0       0       0       0       0       0       0       0       0
      Totals:         6       0       0       0       0       0       0       0       0
Total ram usage:        6 bytes
 Hardware stack levels used:    1
 Hardware stack levels required when called:    2
 This function calls:
		Nothing
 This function is called by:
		_fround
		_scale
 This function uses a non-reentrant model


 *************** function ___awdiv *****************
 Defined at:
		line 8 in file "C:\Program Files (x86)\Microchip\xc8\v1.45\sources\common\awdiv.c"
 Parameters:    Size  Location     Type
  dividend        2   25[COMRAM] int 
  divisor         2   27[COMRAM] int 
 Auto vars:     Size  Location     Type
  quotient        2   31[COMRAM] int 
  sign            1   30[COMRAM] unsigned char 
  counter         1   29[COMRAM] unsigned char 
 Return value:  Size  Location     Type
                  2   25[COMRAM] int 
 Registers used:
		wreg, status,2, status,0
 Tracked objects:
		On entry : 
		On exit  : 
		Unchanged: 
 Data sizes:     COMRAM   BANK0   BANK1   BANK2   BANK3   BANK4   BANK5   BANK6   BANK7
      Params:         4       0       0       0       0       0       0       0       0
      Locals:         4       0       0       0       0       0       0       0       0
      Temps:          0       0       0       0       0       0       0       0       0
      Totals:         8       0       0       0       0       0       0       0       0
Total ram usage:        8 bytes
 Hardware stack levels used:    1
 Hardware stack levels required when called:    2
 This function calls:
		Nothing
 This function is called by:
		_fround
		_scale
		_sprintf
 This function uses a non-reentrant model


 *************** function __tdiv_to_l_ *****************
 Defined at:
		line 60 in file "C:\Program Files (x86)\Microchip\xc8\v1.45\sources\common\ftdivl.c"
 Parameters:    Size  Location     Type
  f1              3   19[COMRAM] float 
  f2              3   22[COMRAM] float 
 Auto vars:     Size  Location     Type
  quot            4   28[COMRAM] unsigned long 
  exp1            1   33[COMRAM] unsigned char 
  cntr            1   32[COMRAM] unsigned char 
 Return value:  Size  Location     Type
                  4   19[COMRAM] unsigned long 
 Registers used:
		wreg, status,2, status,0
 Tracked objects:
		On entry : 
		On exit  : 
		Unchanged: 
 Data sizes:     COMRAM   BANK0   BANK1   BANK2   BANK3   BANK4   BANK5   BANK6   BANK7
      Params:         6       0       0       0       0       0       0       0       0
      Locals:         6       0       0       0       0       0       0       0       0
      Temps:          3       0       0       0       0       0       0       0       0
      Totals:        15       0       0       0       0       0       0       0       0
Total ram usage:       15 bytes
 Hardware stack levels used:    1
 Hardware stack levels required when called:    2
 This function calls:
		Nothing
 This function is called by:
		_sprintf
 This function uses a non-reentrant model


 *************** function __div_to_l_ *****************
 Defined at:
		line 60 in file "C:\Program Files (x86)\Microchip\xc8\v1.45\sources\common\fldivl.c"
 Parameters:    Size  Location     Type
  f1              3   19[COMRAM] unsigned long 
  f2              3   22[COMRAM] unsigned long 
 Auto vars:     Size  Location     Type
  quot            4   25[COMRAM] unsigned long 
  exp1            1   30[COMRAM] unsigned char 
  cntr            1   29[COMRAM] unsigned char 
 Return value:  Size  Location     Type
                  4   19[COMRAM] unsigned long 
 Registers used:
		wreg, status,2, status,0
 Tracked objects:
		On entry : 
		On exit  : 
		Unchanged: 
 Data sizes:     COMRAM   BANK0   BANK1   BANK2   BANK3   BANK4   BANK5   BANK6   BANK7
      Params:         6       0       0       0       0       0       0       0       0
      Locals:         6       0       0       0       0       0       0       0       0
      Temps:          0       0       0       0       0       0       0       0       0
      Totals:        12       0       0       0       0       0       0       0       0
Total ram usage:       12 bytes
 Hardware stack levels used:    1
 Hardware stack levels required when called:    2
 This function calls:
		Nothing
 This function is called by:
		_sprintf
 This function uses a non-reentrant model


 *************** function ___lltoft *****************
 Defined at:
		line 35 in file "C:\Program Files (x86)\Microchip\xc8\v1.45\sources\common\lltoft.c"
 Parameters:    Size  Location     Type
  c               4   27[COMRAM] unsigned long 
 Auto vars:     Size  Location     Type
  exp             1   35[COMRAM] unsigned char 
 Return value:  Size  Location     Type
                  3   27[COMRAM] float 
 Registers used:
		wreg, status,2, status,0, cstack
 Tracked objects:
		On entry : 
		On exit  : 
		Unchanged: 
 Data sizes:     COMRAM   BANK0   BANK1   BANK2   BANK3   BANK4   BANK5   BANK6   BANK7
      Params:         4       0       0       0       0       0       0       0       0
      Locals:         1       0       0       0       0       0       0       0       0
      Temps:          4       0       0       0       0       0       0       0       0
      Totals:         9       0       0       0       0       0       0       0       0
Total ram usage:        9 bytes
 Hardware stack levels used:    1
 Hardware stack levels required when called:    3
 This function calls:
		___ftpack
 This function is called by:
		_sprintf
 This function uses a non-reentrant model


 *************** function ___llmod *****************
 Defined at:
		line 8 in file "C:\Program Files (x86)\Microchip\xc8\v1.45\sources\common\llmod.c"
 Parameters:    Size  Location     Type
  dividend        4   19[COMRAM] unsigned long 
  divisor         4   23[COMRAM] unsigned long 
 Auto vars:     Size  Location     Type
  counter         1   27[COMRAM] unsigned char 
 Return value:  Size  Location     Type
                  4   19[COMRAM] unsigned long 
 Registers used:
		wreg, status,2, status,0
 Tracked objects:
		On entry : 
		On exit  : 
		Unchanged: 
 Data sizes:     COMRAM   BANK0   BANK1   BANK2   BANK3   BANK4   BANK5   BANK6   BANK7
      Params:         8       0       0       0       0       0       0       0       0
      Locals:         1       0       0       0       0       0       0       0       0
      Temps:          0       0       0       0       0       0       0       0       0
      Totals:         9       0       0       0       0       0       0       0       0
Total ram usage:        9 bytes
 Hardware stack levels used:    1
 Hardware stack levels required when called:    2
 This function calls:
		Nothing
 This function is called by:
		_sprintf
 This function uses a non-reentrant model


 *************** function ___lldiv *****************
 Defined at:
		line 8 in file "C:\Program Files (x86)\Microchip\xc8\v1.45\sources\common\lldiv.c"
 Parameters:    Size  Location     Type
  dividend        4   19[COMRAM] unsigned long 
  divisor         4   23[COMRAM] unsigned long 
 Auto vars:     Size  Location     Type
  quotient        4   27[COMRAM] unsigned long 
  counter         1   31[COMRAM] unsigned char 
 Return value:  Size  Location     Type
                  4   19[COMRAM] unsigned long 
 Registers used:
		wreg, status,2, status,0
 Tracked objects:
		On entry : 
		On exit  : 
		Unchanged: 
 Data sizes:     COMRAM   BANK0   BANK1   BANK2   BANK3   BANK4   BANK5   BANK6   BANK7
      Params:         8       0       0       0       0       0       0       0       0
      Locals:         5       0       0       0       0       0       0       0       0
      Temps:          0       0       0       0       0       0       0       0       0
      Totals:        13       0       0       0       0       0       0       0       0
Total ram usage:       13 bytes
 Hardware stack levels used:    1
 Hardware stack levels required when called:    2
 This function calls:
		Nothing
 This function is called by:
		_sprintf
 This function uses a non-reentrant model


 *************** function ___fttol *****************
 Defined at:
		line 44 in file "C:\Program Files (x86)\Microchip\xc8\v1.45\sources\common\fttol.c"
 Parameters:    Size  Location     Type
  f1              3    0[BANK0 ] float 
 Auto vars:     Size  Location     Type
  lval            4   10[BANK0 ] unsigned long 
  exp1            1   14[BANK0 ] unsigned char 
  sign1           1    9[BANK0 ] unsigned char 
 Return value:  Size  Location     Type
                  4    0[BANK0 ] long 
 Registers used:
		wreg, status,2, status,0
 Tracked objects:
		On entry : 
		On exit  : 
		Unchanged: 
 Data sizes:     COMRAM   BANK0   BANK1   BANK2   BANK3   BANK4   BANK5   BANK6   BANK7
      Params:         0       4       0       0       0       0       0       0       0
      Locals:         0       6       0       0       0       0       0       0       0
      Temps:          0       5       0       0       0       0       0       0       0
      Totals:         0      15       0       0       0       0       0       0       0
Total ram usage:       15 bytes
 Hardware stack levels used:    1
 Hardware stack levels required when called:    2
 This function calls:
		Nothing
 This function is called by:
		_sprintf
 This function uses a non-reentrant model


 *************** function ___ftsub *****************
 Defined at:
		line 20 in file "C:\Program Files (x86)\Microchip\xc8\v1.45\sources\common\ftsub.c"
 Parameters:    Size  Location     Type
  f1              3   16[BANK0 ] float 
  f2              3   19[BANK0 ] float 
 Auto vars:     Size  Location     Type
		None
 Return value:  Size  Location     Type
                  3   16[BANK0 ] float 
 Registers used:
		wreg, status,2, status,0, cstack
 Tracked objects:
		On entry : 
		On exit  : 
		Unchanged: 
 Data sizes:     COMRAM   BANK0   BANK1   BANK2   BANK3   BANK4   BANK5   BANK6   BANK7
      Params:         0       6       0       0       0       0       0       0       0
      Locals:         0       0       0       0       0       0       0       0       0
      Temps:          0       0       0       0       0       0       0       0       0
      Totals:         0       6       0       0       0       0       0       0       0
Total ram usage:        6 bytes
 Hardware stack levels used:    1
 Hardware stack levels required when called:    4
 This function calls:
		___ftadd
 This function is called by:
		_sprintf
 This function uses a non-reentrant model


 *************** function ___ftadd *****************
 Defined at:
		line 86 in file "C:\Program Files (x86)\Microchip\xc8\v1.45\sources\common\ftadd.c"
 Parameters:    Size  Location     Type
  f1              3    7[BANK0 ] float 
  f2              3   10[BANK0 ] float 
 Auto vars:     Size  Location     Type
  exp1            1   15[BANK0 ] unsigned char 
  exp2            1   14[BANK0 ] unsigned char 
  sign            1   13[BANK0 ] unsigned char 
 Return value:  Size  Location     Type
                  3    7[BANK0 ] float 
 Registers used:
		wreg, status,2, status,0, cstack
 Tracked objects:
		On entry : 
		On exit  : 
		Unchanged: 
 Data sizes:     COMRAM   BANK0   BANK1   BANK2   BANK3   BANK4   BANK5   BANK6   BANK7
[...]
 Parameters:    Size  Location     Type
  ff1             3   19[COMRAM] float 
  ff2             3   22[COMRAM] float 
 Auto vars:     Size  Location     Type
		None
 Return value:  Size  Location     Type
		None               void
 Registers used:
		wreg, status,2, status,0
 Tracked objects:
		On entry : 
		On exit  : 
		Unchanged: 
 Data sizes:     COMRAM   BANK0   BANK1   BANK2   BANK3   BANK4   BANK5   BANK6   BANK7
      Params:         6       0       0       0       0       0       0       0       0
      Locals:         0       0       0       0       0       0       0       0       0
      Temps:          3       0       0       0       0       0       0       0       0
      Totals:         9       0       0       0       0       0       0       0       0
Total ram usage:        9 bytes
 Hardware stack levels used:    1
 Hardware stack levels required when called:    2
 This function calls:
		Nothing
 This function is called by:
		_sprintf
 This function uses a non-reentrant model


 *************** function _send_sr *****************
 Defined at:
		line 4 in file "shreg.c"
 Parameters:    Size  Location     Type
  buffer          2   19[COMRAM] PTR short 
		 -> main@L298_inputs(16), 
 Auto vars:     Size  Location     Type
  i               2   22[COMRAM] int 
 Return value:  Size  Location     Type
                  1    wreg      void 
 Registers used:
		wreg, fsr2l, fsr2h, status,2, status,0
 Tracked objects:
		On entry : 
		On exit  : 
		Unchanged: 
 Data sizes:     COMRAM   BANK0   BANK1   BANK2   BANK3   BANK4   BANK5   BANK6   BANK7
      Params:         2       0       0       0       0       0       0       0       0
      Locals:         2       0       0       0       0       0       0       0       0
      Temps:          1       0       0       0       0       0       0       0       0
      Totals:         5       0       0       0       0       0       0       0       0
Total ram usage:        5 bytes
 Hardware stack levels used:    1
 Hardware stack levels required when called:    2
 This function calls:
		Nothing
 This function is called by:
		_main
 This function uses a non-reentrant model


 *************** function _configure_tmr2 *****************
 Defined at:
		line 180 in file "main.c"
 Parameters:    Size  Location     Type
		None
 Auto vars:     Size  Location     Type
		None
 Return value:  Size  Location     Type
                  1    wreg      void 
 Registers used:
		wreg, status,2
 Tracked objects:
		On entry : 
		On exit  : 
		Unchanged: 
 Data sizes:     COMRAM   BANK0   BANK1   BANK2   BANK3   BANK4   BANK5   BANK6   BANK7
      Params:         0       0       0       0       0       0       0       0       0
      Locals:         0       0       0       0       0       0       0       0       0
      Temps:          0       0       0       0       0       0       0       0       0
      Totals:         0       0       0       0       0       0       0       0       0
Total ram usage:        0 bytes
 Hardware stack levels used:    1
 Hardware stack levels required when called:    2
 This function calls:
		Nothing
 This function is called by:
		_main
 This function uses a non-reentrant model


 *************** function _configure_pwm *****************
 Defined at:
		line 188 in file "main.c"
 Parameters:    Size  Location     Type
		None
 Auto vars:     Size  Location     Type
		None
 Return value:  Size  Location     Type
                  1    wreg      void 
 Registers used:
		wreg, status,2
 Tracked objects:
		On entry : 
		On exit  : 
		Unchanged: 
 Data sizes:     COMRAM   BANK0   BANK1   BANK2   BANK3   BANK4   BANK5   BANK6   BANK7
      Params:         0       0       0       0       0       0       0       0       0
      Locals:         0       0       0       0       0       0       0       0       0
      Temps:          0       0       0       0       0       0       0       0       0
      Totals:         0       0       0       0       0       0       0       0       0
Total ram usage:        0 bytes
 Hardware stack levels used:    1
 Hardware stack levels required when called:    2
 This function calls:
		Nothing
 This function is called by:
		_main
 This function uses a non-reentrant model


 *************** function _atoi *****************
 Defined at:
		line 5 in file "C:\Program Files (x86)\Microchip\xc8\v1.45\sources\common\atoi.c"
 Parameters:    Size  Location     Type
  s               2   39[COMRAM] PTR const unsigned char 
		 -> NULL(0), main@raw_command(100), 
 Auto vars:     Size  Location     Type
  a               2   44[COMRAM] int 
  sign            1   43[COMRAM] unsigned char 
 Return value:  Size  Location     Type
                  2   39[COMRAM] int 
 Registers used:
		wreg, fsr2l, fsr2h, status,2, status,0, prodl, prodh, cstack
 Tracked objects:
		On entry : 
		On exit  : 
		Unchanged: 
 Data sizes:     COMRAM   BANK0   BANK1   BANK2   BANK3   BANK4   BANK5   BANK6   BANK7
      Params:         2       0       0       0       0       0       0       0       0
      Locals:         3       0       0       0       0       0       0       0       0
      Temps:          2       0       0       0       0       0       0       0       0
      Totals:         7       0       0       0       0       0       0       0       0
Total ram usage:        7 bytes
 Hardware stack levels used:    1
 Hardware stack levels required when called:    3
 This function calls:
		___wmul
		_isdigit
 This function is called by:
		_main
 This function uses a non-reentrant model


 *************** function _isdigit *****************
 Defined at:
		line 8 in file "C:\Program Files (x86)\Microchip\xc8\v1.45\sources\common\isdigit.c"
 Parameters:    Size  Location     Type
  c               1    wreg     unsigned char 
 Auto vars:     Size  Location     Type
  c               1   21[COMRAM] unsigned char 
 Return value:  Size  Location     Type
		None               void
 Registers used:
		wreg, status,2, status,0
 Tracked objects:
		On entry : 
		On exit  : 
		Unchanged: 
 Data sizes:     COMRAM   BANK0   BANK1   BANK2   BANK3   BANK4   BANK5   BANK6   BANK7
      Params:         0       0       0       0       0       0       0       0       0
      Locals:         2       0       0       0       0       0       0       0       0
      Temps:          1       0       0       0       0       0       0       0       0
      Totals:         3       0       0       0       0       0       0       0       0
Total ram usage:        3 bytes
 Hardware stack levels used:    1
 Hardware stack levels required when called:    2
 This function calls:
		Nothing
 This function is called by:
		_sprintf
		_atoi
 This function uses a non-reentrant model


 *************** function ___wmul *****************
 Defined at:
		line 15 in file "C:\Program Files (x86)\Microchip\xc8\v1.45\sources\common\Umul16.c"
 Parameters:    Size  Location     Type
  multiplier      2   33[COMRAM] unsigned int 
  multiplicand    2   35[COMRAM] unsigned int 
 Auto vars:     Size  Location     Type
  product         2   37[COMRAM] unsigned int 
 Return value:  Size  Location     Type
                  2   33[COMRAM] unsigned int 
 Registers used:
		wreg, status,2, status,0, prodl, prodh
 Tracked objects:
		On entry : 
		On exit  : 
		Unchanged: 
 Data sizes:     COMRAM   BANK0   BANK1   BANK2   BANK3   BANK4   BANK5   BANK6   BANK7
      Params:         4       0       0       0       0       0       0       0       0
      Locals:         2       0       0       0       0       0       0       0       0
      Temps:          0       0       0       0       0       0       0       0       0
      Totals:         6       0       0       0       0       0       0       0       0
Total ram usage:        6 bytes
 Hardware stack levels used:    1
 Hardware stack levels required when called:    2
 This function calls:
		Nothing
 This function is called by:
		_fround
		_scale
		_sprintf
		_atoi
 This function uses a non-reentrant model


 *************** function ___awtoft *****************
 Defined at:
		line 32 in file "C:\Program Files (x86)\Microchip\xc8\v1.45\sources\common\awtoft.c"
 Parameters:    Size  Location     Type
  c               2   27[COMRAM] int 
 Auto vars:     Size  Location     Type
  sign            1   30[COMRAM] unsigned char 
 Return value:  Size  Location     Type
                  3   27[COMRAM] float 
 Registers used:
		wreg, status,2, status,0, cstack
 Tracked objects:
		On entry : 
		On exit  : 
		Unchanged: 
 Data sizes:     COMRAM   BANK0   BANK1   BANK2   BANK3   BANK4   BANK5   BANK6   BANK7
      Params:         3       0       0       0       0       0       0       0       0
      Locals:         1       0       0       0       0       0       0       0       0
      Temps:          0       0       0       0       0       0       0       0       0
      Totals:         4       0       0       0       0       0       0       0       0
Total ram usage:        4 bytes
 Hardware stack levels used:    1
 Hardware stack levels required when called:    3
 This function calls:
		___ftpack
 This function is called by:
		_main
 This function uses a non-reentrant model


 *************** function ___ftpack *****************
 Defined at:
		line 62 in file "C:\Program Files (x86)\Microchip\xc8\v1.45\sources\common\float.c"
 Parameters:    Size  Location     Type
  arg             3   19[COMRAM] unsigned um
  exp             1   22[COMRAM] unsigned char 
  sign            1   23[COMRAM] unsigned char 
 Auto vars:     Size  Location     Type
		None
 Return value:  Size  Location     Type
                  3   19[COMRAM] float 
 Registers used:
		wreg, status,2, status,0
 Tracked objects:
		On entry : 
		On exit  : 
		Unchanged: 
 Data sizes:     COMRAM   BANK0   BANK1   BANK2   BANK3   BANK4   BANK5   BANK6   BANK7
      Params:         5       0       0       0       0       0       0       0       0
      Locals:         0       0       0       0       0       0       0       0       0
      Temps:          3       0       0       0       0       0       0       0       0
      Totals:         8       0       0       0       0       0       0       0       0
Total ram usage:        8 bytes
 Hardware stack levels used:    1
 Hardware stack levels required when called:    2
 This function calls:
		Nothing
 This function is called by:
		___awtoft
		___ftadd
		___ftmul
		___lltoft
 This function uses a non-reentrant model


 *************** function _IRS *****************
 Defined at:
		line 32 in file "main.c"
 Parameters:    Size  Location     Type
		None
 Auto vars:     Size  Location     Type
		None
 Return value:  Size  Location     Type
                  1    wreg      void 
 Registers used:
		wreg, fsr2l, fsr2h, status,2, status,0, cstack
 Tracked objects:
		On entry : 
		On exit  : 
		Unchanged: 
 Data sizes:     COMRAM   BANK0   BANK1   BANK2   BANK3   BANK4   BANK5   BANK6   BANK7
      Params:         0       0       0       0       0       0       0       0       0
      Locals:         0       0       0       0       0       0       0       0       0
      Temps:         18       0       0       0       0       0       0       0       0
      Totals:        18       0       0       0       0       0       0       0       0
Total ram usage:       18 bytes
 Hardware stack levels used:    1
 Hardware stack levels required when called:    1
 This function calls:
		_uart_rx_isr
		_uart_tx_isr
 This function is called by:
		Interrupt level 2
 This function uses a non-reentrant model


 *************** function _uart_tx_isr *****************
 Defined at:
		line 103 in file "usart.c"
 Parameters:    Size  Location     Type
		None
 Auto vars:     Size  Location     Type
		None
 Return value:  Size  Location     Type
                  1    wreg      void 
 Registers used:
		wreg, fsr2l, fsr2h, status,2, status,0
 Tracked objects:
		On entry : 
		On exit  : 
		Unchanged: 
 Data sizes:     COMRAM   BANK0   BANK1   BANK2   BANK3   BANK4   BANK5   BANK6   BANK7
      Params:         0       0       0       0       0       0       0       0       0
      Locals:         0       0       0       0       0       0       0       0       0
      Temps:          0       0       0       0       0       0       0       0       0
      Totals:         0       0       0       0       0       0       0       0       0
Total ram usage:        0 bytes
 Hardware stack levels used:    1
 This function calls:
		Nothing
 This function is called by:
		_IRS
 This function uses a non-reentrant model


 *************** function _uart_rx_isr *****************
 Defined at:
		line 80 in file "usart.c"
 Parameters:    Size  Location     Type
		None
 Auto vars:     Size  Location     Type
		None
 Return value:  Size  Location     Type
                  1    wreg      void 
 Registers used:
		wreg, fsr2l, fsr2h, status,2, status,0
 Tracked objects:
		On entry : 
		On exit  : 
		Unchanged: 
 Data sizes:     COMRAM   BANK0   BANK1   BANK2   BANK3   BANK4   BANK5   BANK6   BANK7
      Params:         0       0       0       0       0       0       0       0       0
      Locals:         0       0       0       0       0       0       0       0       0
      Temps:          1       0       0       0       0       0       0       0       0
      Totals:         1       0       0       0       0       0       0       0       0
Total ram usage:        1 bytes
 Hardware stack levels used:    1
 This function calls:
		Nothing
 This function is called by:
		_IRS
 This function uses a non-reentrant model



MODULE INFORMATION

Module		Function		Class		Link	Load	Size
C:\Program Files (x86)\Microchip\xc8\v1.45\sources\common\ftneg.c
		___ftneg       		CODE           	2282	0000	37

C:\Program Files (x86)\Microchip\xc8\v1.45\sources\common\ftneg.c estimated size: 37

shreg.c
		_send_sr       		CODE           	1E9C	0000	87

shreg.c estimated size: 87

C:\Program Files (x86)\Microchip\xc8\v1.45\sources\common\ftsub.c
		___ftsub       		CODE           	2138	0000	67

C:\Program Files (x86)\Microchip\xc8\v1.45\sources\common\ftsub.c estimated size: 67

C:\Program Files (x86)\Microchip\xc8\v1.45\sources\common\float.c
		___ftpack      		CODE           	1A78	0000	175

C:\Program Files (x86)\Microchip\xc8\v1.45\sources\common\float.c estimated size: 175

C:\Program Files (x86)\Microchip\xc8\v1.45\sources\common\doprnt.c
		_scale         		CODE           	0964	0000	1033
		_sprintf       		CODE           	0012	0000	2387
		_fround        		CODE           	10AC	0000	603

C:\Program Files (x86)\Microchip\xc8\v1.45\sources\common\doprnt.c estimated size: 4023

C:\Program Files (x86)\Microchip\xc8\v1.45\sources\common\lltoft.c
		___lltoft      		CODE           	1E40	0000	93

C:\Program Files (x86)\Microchip\xc8\v1.45\sources\common\lltoft.c estimated size: 93

C:\Program Files (x86)\Microchip\xc8\v1.45\sources\common\strspn.c
		_strspn        		CODE           	1EF2	0000	81

C:\Program Files (x86)\Microchip\xc8\v1.45\sources\common\strspn.c estimated size: 81

C:\Program Files (x86)\Microchip\xc8\v1.45\sources\common\Umul16.c
		___wmul        		CODE           	225C	0000	39

C:\Program Files (x86)\Microchip\xc8\v1.45\sources\common\Umul16.c estimated size: 39

usart.c
		_uart_tx_isr   		CODE           	217A	0000	67
		_uart_set_baud_rate		CODE           	22D6	0000	17
		_uart_rx_isr   		CODE           	1FDC	0000	75
		_uart_read_buffer		CODE           	20F6	0000	67
		_uart_set_rx   		CODE           	22F2	0000	13
		_uart_set_tx   		CODE           	22E6	0000	13
		_uart_send_string		CODE           	206E	0000	69

usart.c estimated size: 321

C:\Program Files (x86)\Microchip\xc8\v1.45\sources\common\strcspn.c
		_strcspn       		CODE           	1F42	0000	81

C:\Program Files (x86)\Microchip\xc8\v1.45\sources\common\strcspn.c estimated size: 81

C:\Program Files (x86)\Microchip\xc8\v1.45\sources\common\ftge.c
		___ftge        		CODE           	1BD4	0000	145

C:\Program Files (x86)\Microchip\xc8\v1.45\sources\common\ftge.c estimated size: 145

C:\Program Files (x86)\Microchip\xc8\v1.45\sources\common\isdigit.c
		_isdigit       		CODE           	22A6	0000	31

C:\Program Files (x86)\Microchip\xc8\v1.45\sources\common\isdigit.c estimated size: 31

C:\Program Files (x86)\Microchip\xc8\v1.45\sources\common\ftdivl.c
		__tdiv_to_l_   		CODE           	14B4	0000	307

C:\Program Files (x86)\Microchip\xc8\v1.45\sources\common\ftdivl.c estimated size: 307

C:\Program Files (x86)\Microchip\xc8\v1.45\sources\common\ftmul.c
		___ftmul       		CODE           	1806	0000	245

C:\Program Files (x86)\Microchip\xc8\v1.45\sources\common\ftmul.c estimated size: 245

C:\Program Files (x86)\Microchip\xc8\v1.45\sources\common\awmod.c
		___awmod       		CODE           	1D6A	0000	113

C:\Program Files (x86)\Microchip\xc8\v1.45\sources\common\awmod.c estimated size: 113

C:\Program Files (x86)\Microchip\xc8\v1.45\sources\common\llmod.c
		___llmod       		CODE           	1DDA	0000	103

C:\Program Files (x86)\Microchip\xc8\v1.45\sources\common\llmod.c estimated size: 103

C:\Program Files (x86)\Microchip\xc8\v1.45\sources\common\fldivl.c
		__div_to_l_    		CODE           	15E6	0000	297

C:\Program Files (x86)\Microchip\xc8\v1.45\sources\common\fldivl.c estimated size: 297

C:\Program Files (x86)\Microchip\xc8\v1.45\sources\common\atoi.c
		_atoi          		CODE           	18FA	0000	207

C:\Program Files (x86)\Microchip\xc8\v1.45\sources\common\atoi.c estimated size: 207

C:\Program Files (x86)\Microchip\xc8\v1.45\sources\common\strtok.c
		_strtok        		CODE           	19C8	0000	177

C:\Program Files (x86)\Microchip\xc8\v1.45\sources\common\strtok.c estimated size: 177

shared
		__powers_      		MEDIUMCONST    	5F05	0000	40
		_dpowers       		MEDIUMCONST    	5EDD	0000	41
		__npowers_     		MEDIUMCONST    	5F2C	0000	40
		__initialization		CODE           	1F92	0000	61

shared estimated size: 182

C:\Program Files (x86)\Microchip\xc8\v1.45\sources\common\fttol.c
		___fttol       		CODE           	170E	0000	249

C:\Program Files (x86)\Microchip\xc8\v1.45\sources\common\fttol.c estimated size: 249

C:\Program Files (x86)\Microchip\xc8\v1.45\sources\common\awtoft.c
		___awtoft      		CODE           	21F8	0000	57

C:\Program Files (x86)\Microchip\xc8\v1.45\sources\common\awtoft.c estimated size: 57

C:\Program Files (x86)\Microchip\xc8\v1.45\sources\common\awdiv.c
		___awdiv       		CODE           	1C64	0000	133

C:\Program Files (x86)\Microchip\xc8\v1.45\sources\common\awdiv.c estimated size: 133

C:\Program Files (x86)\Microchip\xc8\v1.45\sources\common\ftadd.c
		___ftadd       		CODE           	1306	0000	431

C:\Program Files (x86)\Microchip\xc8\v1.45\sources\common\ftadd.c estimated size: 431

C:\Program Files (x86)\Microchip\xc8\v1.45\sources\common\lldiv.c
		___lldiv       		CODE           	1CE8	0000	131

C:\Program Files (x86)\Microchip\xc8\v1.45\sources\common\lldiv.c estimated size: 131

main.c
		_configure_pwm 		CODE           	22FE	0000	11
		_IRS           		CODE           	0008	0000	181
		_configure_tmr2		CODE           	22C4	0000	19
		_main          		CODE           	0D6C	0000	833

main.c estimated size: 1044

C:\Program Files (x86)\Microchip\xc8\v1.45\sources\common\strcmp.c
		_strcmp        		CODE           	2026	0000	73

C:\Program Files (x86)\Microchip\xc8\v1.45\sources\common\strcmp.c estimated size: 73

C:\Program Files (x86)\Microchip\xc8\v1.45\sources\common\strchr.c
		_strchr        		CODE           	21BC	0000	61

C:\Program Files (x86)\Microchip\xc8\v1.45\sources\common\strchr.c estimated size: 61

C:\Program Files (x86)\Microchip\xc8\v1.45\sources\common\strcpy.c
		_strcpy        		CODE           	20B2	0000	69

C:\Program Files (x86)\Microchip\xc8\v1.45\sources\common\strcpy.c estimated size: 69

C:\Program Files (x86)\Microchip\xc8\v1.45\sources\common\memset.c
		_memset        		CODE           	2230	0000	45

C:\Program Files (x86)\Microchip\xc8\v1.45\sources\common\memset.c estimated size: 45

